Archive member included to satisfy reference by file (symbol)

c:/st/stm32cubeide_1.5.0/stm32cubeide/plugins/com.st.stm32cube.ide.mcu.externaltools.gnu-tools-for-stm32.9-2020-q2-update.win32_1.5.0.202011040924/tools/bin/../lib/gcc/arm-none-eabi/9.3.1/../../../../arm-none-eabi/lib/thumb/v7-m/nofp\libc_nano.a(lib_a-errno.o)
                              Core/Src/syscalls.o (__errno)
c:/st/stm32cubeide_1.5.0/stm32cubeide/plugins/com.st.stm32cube.ide.mcu.externaltools.gnu-tools-for-stm32.9-2020-q2-update.win32_1.5.0.202011040924/tools/bin/../lib/gcc/arm-none-eabi/9.3.1/../../../../arm-none-eabi/lib/thumb/v7-m/nofp\libc_nano.a(lib_a-exit.o)
                              c:/st/stm32cubeide_1.5.0/stm32cubeide/plugins/com.st.stm32cube.ide.mcu.externaltools.gnu-tools-for-stm32.9-2020-q2-update.win32_1.5.0.202011040924/tools/bin/../lib/gcc/arm-none-eabi/9.3.1/../../../../arm-none-eabi/lib/thumb/v7-m/nofp/crt0.o (exit)
c:/st/stm32cubeide_1.5.0/stm32cubeide/plugins/com.st.stm32cube.ide.mcu.externaltools.gnu-tools-for-stm32.9-2020-q2-update.win32_1.5.0.202011040924/tools/bin/../lib/gcc/arm-none-eabi/9.3.1/../../../../arm-none-eabi/lib/thumb/v7-m/nofp\libc_nano.a(lib_a-impure.o)
                              c:/st/stm32cubeide_1.5.0/stm32cubeide/plugins/com.st.stm32cube.ide.mcu.externaltools.gnu-tools-for-stm32.9-2020-q2-update.win32_1.5.0.202011040924/tools/bin/../lib/gcc/arm-none-eabi/9.3.1/../../../../arm-none-eabi/lib/thumb/v7-m/nofp\libc_nano.a(lib_a-exit.o) (_global_impure_ptr)
c:/st/stm32cubeide_1.5.0/stm32cubeide/plugins/com.st.stm32cube.ide.mcu.externaltools.gnu-tools-for-stm32.9-2020-q2-update.win32_1.5.0.202011040924/tools/bin/../lib/gcc/arm-none-eabi/9.3.1/../../../../arm-none-eabi/lib/thumb/v7-m/nofp\libc_nano.a(lib_a-init.o)
                              c:/st/stm32cubeide_1.5.0/stm32cubeide/plugins/com.st.stm32cube.ide.mcu.externaltools.gnu-tools-for-stm32.9-2020-q2-update.win32_1.5.0.202011040924/tools/bin/../lib/gcc/arm-none-eabi/9.3.1/../../../../arm-none-eabi/lib/thumb/v7-m/nofp/crt0.o (__libc_init_array)
c:/st/stm32cubeide_1.5.0/stm32cubeide/plugins/com.st.stm32cube.ide.mcu.externaltools.gnu-tools-for-stm32.9-2020-q2-update.win32_1.5.0.202011040924/tools/bin/../lib/gcc/arm-none-eabi/9.3.1/../../../../arm-none-eabi/lib/thumb/v7-m/nofp\libc_nano.a(lib_a-memset.o)
                              c:/st/stm32cubeide_1.5.0/stm32cubeide/plugins/com.st.stm32cube.ide.mcu.externaltools.gnu-tools-for-stm32.9-2020-q2-update.win32_1.5.0.202011040924/tools/bin/../lib/gcc/arm-none-eabi/9.3.1/../../../../arm-none-eabi/lib/thumb/v7-m/nofp/crt0.o (memset)
c:/st/stm32cubeide_1.5.0/stm32cubeide/plugins/com.st.stm32cube.ide.mcu.externaltools.gnu-tools-for-stm32.9-2020-q2-update.win32_1.5.0.202011040924/tools/bin/../lib/gcc/arm-none-eabi/9.3.1/thumb/v7-m/nofp\libgcc.a(_aeabi_uldivmod.o)
                              Drivers/STM32L1xx_HAL_Driver/Src/stm32l1xx_hal_rcc.o (__aeabi_uldivmod)
c:/st/stm32cubeide_1.5.0/stm32cubeide/plugins/com.st.stm32cube.ide.mcu.externaltools.gnu-tools-for-stm32.9-2020-q2-update.win32_1.5.0.202011040924/tools/bin/../lib/gcc/arm-none-eabi/9.3.1/thumb/v7-m/nofp\libgcc.a(_udivmoddi4.o)
                              c:/st/stm32cubeide_1.5.0/stm32cubeide/plugins/com.st.stm32cube.ide.mcu.externaltools.gnu-tools-for-stm32.9-2020-q2-update.win32_1.5.0.202011040924/tools/bin/../lib/gcc/arm-none-eabi/9.3.1/thumb/v7-m/nofp\libgcc.a(_aeabi_uldivmod.o) (__udivmoddi4)
c:/st/stm32cubeide_1.5.0/stm32cubeide/plugins/com.st.stm32cube.ide.mcu.externaltools.gnu-tools-for-stm32.9-2020-q2-update.win32_1.5.0.202011040924/tools/bin/../lib/gcc/arm-none-eabi/9.3.1/thumb/v7-m/nofp\libgcc.a(_dvmd_tls.o)
                              c:/st/stm32cubeide_1.5.0/stm32cubeide/plugins/com.st.stm32cube.ide.mcu.externaltools.gnu-tools-for-stm32.9-2020-q2-update.win32_1.5.0.202011040924/tools/bin/../lib/gcc/arm-none-eabi/9.3.1/thumb/v7-m/nofp\libgcc.a(_aeabi_uldivmod.o) (__aeabi_ldiv0)

Allocating common symbols
Common symbol       size              file

dig_4               0x2               Core/Src/main.o
dig_5               0x2               Core/Src/main.o
hi2c1               0x54              Core/Src/HAL_I2C_anklabs.o
a1                  0x8               Core/Src/HAL_I2C_anklabs.o
uwTick              0x4               Drivers/STM32L1xx_HAL_Driver/Src/stm32l1xx_hal.o
pFlash              0x18              Drivers/STM32L1xx_HAL_Driver/Src/stm32l1xx_hal_flash.o
SET_val             0x5               Core/Src/main.o
dig_2               0x2               Core/Src/main.o
dig_1               0x2               Core/Src/main.o
huart1              0x40              Core/Src/main.o
dig_3               0x2               Core/Src/main.o

Discarded input sections

[...]
Memory Configuration

Name             Origin             Length             Attributes
RAM              0x0000000020000000 0x0000000000014000 xrw
FLASH            0x0000000008000000 0x0000000000080000 xr
*default*        0x0000000000000000 0xffffffffffffffff

Linker script and memory map

LOAD c:/st/stm32cubeide_1.5.0/stm32cubeide/plugins/com.st.stm32cube.ide.mcu.externaltools.gnu-tools-for-stm32.9-2020-q2-update.win32_1.5.0.202011040924/tools/bin/../lib/gcc/arm-none-eabi/9.3.1/thumb/v7-m/nofp/crti.o
LOAD c:/st/stm32cubeide_1.5.0/stm32cubeide/plugins/com.st.stm32cube.ide.mcu.externaltools.gnu-tools-for-stm32.9-2020-q2-update.win32_1.5.0.202011040924/tools/bin/../lib/gcc/arm-none-eabi/9.3.1/thumb/v7-m/nofp/crtbegin.o
LOAD c:/st/stm32cubeide_1.5.0/stm32cubeide/plugins/com.st.stm32cube.ide.mcu.externaltools.gnu-tools-for-stm32.9-2020-q2-update.win32_1.5.0.202011040924/tools/bin/../lib/gcc/arm-none-eabi/9.3.1/../../../../arm-none-eabi/lib/thumb/v7-m/nofp/crt0.o
LOAD Core/Src/HAL_I2C_anklabs.o
LOAD Core/Src/HTS221_anklabs.o
LOAD Core/Src/main.o
LOAD Core/Src/stm32l1xx_hal_msp.o
LOAD Core/Src/stm32l1xx_it.o
LOAD Core/Src/syscalls.o
LOAD Core/Src/sysmem.o
LOAD Core/Src/system_stm32l1xx.o
LOAD Core/Startup/startup_stm32l151retx.o
LOAD Drivers/STM32L1xx_HAL_Driver/Src/stm32l1xx_hal.o
LOAD Drivers/STM32L1xx_HAL_Driver/Src/stm32l1xx_hal_cortex.o
LOAD Drivers/STM32L1xx_HAL_Driver/Src/stm32l1xx_hal_dma.o
LOAD Drivers/STM32L1xx_HAL_Driver/Src/stm32l1xx_hal_exti.o
LOAD Drivers/STM32L1xx_HAL_Driver/Src/stm32l1xx_hal_flash.o
LOAD Drivers/STM32L1xx_HAL_Driver/Src/stm32l1xx_hal_flash_ex.o
LOAD Drivers/STM32L1xx_HAL_Driver/Src/stm32l1xx_hal_flash_ramfunc.o
LOAD Drivers/STM32L1xx_HAL_Driver/Src/stm32l1xx_hal_gpio.o
LOAD Drivers/STM32L1xx_HAL_Driver/Src/stm32l1xx_hal_i2c.o
LOAD Drivers/STM32L1xx_HAL_Driver/Src/stm32l1xx_hal_pwr.o
LOAD Drivers/STM32L1xx_HAL_Driver/Src/stm32l1xx_hal_pwr_ex.o
LOAD Drivers/STM32L1xx_HAL_Driver/Src/stm32l1xx_hal_rcc.o
LOAD Drivers/STM32L1xx_HAL_Driver/Src/stm32l1xx_hal_rcc_ex.o
LOAD Drivers/STM32L1xx_HAL_Driver/Src/stm32l1xx_hal_tim.o
LOAD Drivers/STM32L1xx_HAL_Driver/Src/stm32l1xx_hal_tim_ex.o
LOAD Drivers/STM32L1xx_HAL_Driver/Src/stm32l1xx_hal_uart.o
START GROUP
LOAD c:/st/stm32cubeide_1.5.0/stm32cubeide/plugins/com.st.stm32cube.ide.mcu.externaltools.gnu-tools-for-stm32.9-2020-q2-update.win32_1.5.0.202011040924/tools/bin/../lib/gcc/arm-none-eabi/9.3.1/../../../../arm-none-eabi/lib/thumb/v7-m/nofp\libc_nano.a
LOAD c:/st/stm32cubeide_1.5.0/stm32cubeide/plugins/com.st.stm32cube.ide.mcu.externaltools.gnu-tools-for-stm32.9-2020-q2-update.win32_1.5.0.202011040924/tools/bin/../lib/gcc/arm-none-eabi/9.3.1/../../../../arm-none-eabi/lib/thumb/v7-m/nofp\libm.a
END GROUP
START GROUP
LOAD c:/st/stm32cubeide_1.5.0/stm32cubeide/plugins/com.st.stm32cube.ide.mcu.externaltools.gnu-tools-for-stm32.9-2020-q2-update.win32_1.5.0.202011040924/tools/bin/../lib/gcc/arm-none-eabi/9.3.1/thumb/v7-m/nofp\libgcc.a
LOAD c:/st/stm32cubeide_1.5.0/stm32cubeide/plugins/com.st.stm32cube.ide.mcu.externaltools.gnu-tools-for-stm32.9-2020-q2-update.win32_1.5.0.202011040924/tools/bin/../lib/gcc/arm-none-eabi/9.3.1/../../../../arm-none-eabi/lib/thumb/v7-m/nofp\libc_nano.a
END GROUP
START GROUP
LOAD c:/st/stm32cubeide_1.5.0/stm32cubeide/plugins/com.st.stm32cube.ide.mcu.externaltools.gnu-tools-for-stm32.9-2020-q2-update.win32_1.5.0.202011040924/tools/bin/../lib/gcc/arm-none-eabi/9.3.1/thumb/v7-m/nofp\libgcc.a
LOAD c:/st/stm32cubeide_1.5.0/stm32cubeide/plugins/com.st.stm32cube.ide.mcu.externaltools.gnu-tools-for-stm32.9-2020-q2-update.win32_1.5.0.202011040924/tools/bin/../lib/gcc/arm-none-eabi/9.3.1/../../../../arm-none-eabi/lib/thumb/v7-m/nofp\libc_nano.a
LOAD c:/st/stm32cubeide_1.5.0/stm32cubeide/plugins/com.st.stm32cube.ide.mcu.externaltools.gnu-tools-for-stm32.9-2020-q2-update.win32_1.5.0.202011040924/tools/bin/../lib/gcc/arm-none-eabi/9.3.1/../../../../arm-none-eabi/lib/thumb/v7-m/nofp\libnosys.a
END GROUP
START GROUP
LOAD c:/st/stm32cubeide_1.5.0/stm32cubeide/plugins/com.st.stm32cube.ide.mcu.externaltools.gnu-tools-for-stm32.9-2020-q2-update.win32_1.5.0.202011040924/tools/bin/../lib/gcc/arm-none-eabi/9.3.1/thumb/v7-m/nofp\libgcc.a
LOAD c:/st/stm32cubeide_1.5.0/stm32cubeide/plugins/com.st.stm32cube.ide.mcu.externaltools.gnu-tools-for-stm32.9-2020-q2-update.win32_1.5.0.202011040924/tools/bin/../lib/gcc/arm-none-eabi/9.3.1/../../../../arm-none-eabi/lib/thumb/v7-m/nofp\libc_nano.a
LOAD c:/st/stm32cubeide_1.5.0/stm32cubeide/plugins/com.st.stm32cube.ide.mcu.externaltools.gnu-tools-for-stm32.9-2020-q2-update.win32_1.5.0.202011040924/tools/bin/../lib/gcc/arm-none-eabi/9.3.1/../../../../arm-none-eabi/lib/thumb/v7-m/nofp\libnosys.a
END GROUP
LOAD c:/st/stm32cubeide_1.5.0/stm32cubeide/plugins/com.st.stm32cube.ide.mcu.externaltools.gnu-tools-for-stm32.9-2020-q2-update.win32_1.5.0.202011040924/tools/bin/../lib/gcc/arm-none-eabi/9.3.1/thumb/v7-m/nofp/crtend.o
LOAD c:/st/stm32cubeide_1.5.0/stm32cubeide/plugins/com.st.stm32cube.ide.mcu.externaltools.gnu-tools-for-stm32.9-2020-q2-update.win32_1.5.0.202011040924/tools/bin/../lib/gcc/arm-none-eabi/9.3.1/thumb/v7-m/nofp/crtn.o
                0x0000000020014000                _estack = (ORIGIN (RAM) + LENGTH (RAM))
                0x0000000000000200                _Min_Heap_Size = 0x200
                0x0000000000000400                _Min_Stack_Size = 0x400

.isr_vector     0x0000000008000000      0x13c
                0x0000000008000000                . = ALIGN (0x4)
 *(.isr_vector)
 .isr_vector    0x0000000008000000      0x13c Core/Startup/startup_stm32l151retx.o
                0x0000000008000000                g_pfnVectors
                0x000000000800013c                . = ALIGN (0x4)

.text           0x000000000800013c     0x349c
                0x000000000800013c                . = ALIGN (0x4)
 *(.text)
 .text          0x000000000800013c       0x40 c:/st/stm32cubeide_1.5.0/stm32cubeide/plugins/com.st.stm32cube.ide.mcu.externaltools.gnu-tools-for-stm32.9-2020-q2-update.win32_1.5.0.202011040924/tools/bin/../lib/gcc/arm-none-eabi/9.3.1/thumb/v7-m/nofp/crtbegin.o
 .text          0x000000000800017c       0x30 c:/st/stm32cubeide_1.5.0/stm32cubeide/plugins/com.st.stm32cube.ide.mcu.externaltools.gnu-tools-for-stm32.9-2020-q2-update.win32_1.5.0.202011040924/tools/bin/../lib/gcc/arm-none-eabi/9.3.1/thumb/v7-m/nofp\libgcc.a(_aeabi_uldivmod.o)
                0x000000000800017c                __aeabi_uldivmod
 .text          0x00000000080001ac      0x2c4 c:/st/stm32cubeide_1.5.0/stm32cubeide/plugins/com.st.stm32cube.ide.mcu.externaltools.gnu-tools-for-stm32.9-2020-q2-update.win32_1.5.0.202011040924/tools/bin/../lib/gcc/arm-none-eabi/9.3.1/thumb/v7-m/nofp\libgcc.a(_udivmoddi4.o)
                0x00000000080001ac                __udivmoddi4
 .text          0x0000000008000470        0x4 c:/st/stm32cubeide_1.5.0/stm32cubeide/plugins/com.st.stm32cube.ide.mcu.externaltools.gnu-tools-for-stm32.9-2020-q2-update.win32_1.5.0.202011040924/tools/bin/../lib/gcc/arm-none-eabi/9.3.1/thumb/v7-m/nofp\libgcc.a(_dvmd_tls.o)
                0x0000000008000470                __aeabi_idiv0
                0x0000000008000470                __aeabi_ldiv0
 *(.text*)
 .text.HTS221_Write_i2c
                0x0000000008000474       0x4c Core/Src/HAL_I2C_anklabs.o
                0x0000000008000474                HTS221_Write_i2c
 .text.HTS221_Read_i2c
                0x00000000080004c0       0x54 Core/Src/HAL_I2C_anklabs.o
                0x00000000080004c0                HTS221_Read_i2c
 .text.HTS221_Read_multi_i2c
                0x0000000008000514       0xdc Core/Src/HAL_I2C_anklabs.o
                0x0000000008000514                HTS221_Read_multi_i2c
 .text.HTS221_Dev_ID
                0x00000000080005f0       0x22 Core/Src/HTS221_anklabs.o
                0x00000000080005f0                HTS221_Dev_ID
 .text.HTS221_Detected
                0x0000000008000612       0x2c Core/Src/HTS221_anklabs.o
                0x0000000008000612                HTS221_Detected
 .text.HTS221_I
                0x000000000800063e       0x46 Core/Src/HTS221_anklabs.o
                0x000000000800063e                HTS221_I
 .text.HTS221_Average_func
                0x0000000008000684       0x3e Core/Src/HTS221_anklabs.o
                0x0000000008000684                HTS221_Average_func
 .text.HTS221_Start_conversion
                0x00000000080006c2       0x12 Core/Src/HTS221_anklabs.o
                0x00000000080006c2                HTS221_Start_conversion
 .text.HTS221_Data_Ready_T
                0x00000000080006d4       0x34 Core/Src/HTS221_anklabs.o
                0x00000000080006d4                HTS221_Data_Ready_T
 .text.HTS221_Data_Ready_H
                0x0000000008000708       0x34 Core/Src/HTS221_anklabs.o
                0x0000000008000708                HTS221_Data_Ready_H
 .text.HTS221_Data_Ready
                0x000000000800073c       0x2c Core/Src/HTS221_anklabs.o
                0x000000000800073c                HTS221_Data_Ready
 .text.HTS221_Read_temp
                0x0000000008000768      0x164 Core/Src/HTS221_anklabs.o
                0x0000000008000768                HTS221_Read_temp
 .text.HTS221_Read_humi
                0x00000000080008cc      0x160 Core/Src/HTS221_anklabs.o
                0x00000000080008cc                HTS221_Read_humi
 .text.main     0x0000000008000a2c      0x1cc Core/Src/main.o
                0x0000000008000a2c                main
 .text.SystemClock_Config
                0x0000000008000bf8       0x9c Core/Src/main.o
                0x0000000008000bf8                SystemClock_Config
 .text.MX_I2C1_Init
                0x0000000008000c94       0x5c Core/Src/main.o
 .text.MX_USART1_UART_Init
                0x0000000008000cf0       0x54 Core/Src/main.o
 .text.MX_GPIO_Init
                0x0000000008000d44       0x44 Core/Src/main.o
 .text.fsplit   0x0000000008000d88      0x124 Core/Src/main.o
                0x0000000008000d88                fsplit
 .text.Error_Handler
                0x0000000008000eac        0xa Core/Src/main.o
                0x0000000008000eac                Error_Handler
 *fill*         0x0000000008000eb6        0x2 
 .text.HAL_MspInit
                0x0000000008000eb8       0x5c Core/Src/stm32l1xx_hal_msp.o
                0x0000000008000eb8                HAL_MspInit
 .text.HAL_I2C_MspInit
                0x0000000008000f14       0x88 Core/Src/stm32l1xx_hal_msp.o
                0x0000000008000f14                HAL_I2C_MspInit
 .text.HAL_UART_MspInit
                0x0000000008000f9c       0x88 Core/Src/stm32l1xx_hal_msp.o
                0x0000000008000f9c                HAL_UART_MspInit
 .text.NMI_Handler
                0x0000000008001024        0x6 Core/Src/stm32l1xx_it.o
                0x0000000008001024                NMI_Handler
 .text.HardFault_Handler
                0x000000000800102a        0x6 Core/Src/stm32l1xx_it.o
                0x000000000800102a                HardFault_Handler
 .text.MemManage_Handler
                0x0000000008001030        0x6 Core/Src/stm32l1xx_it.o
                0x0000000008001030                MemManage_Handler
 .text.BusFault_Handler
                0x0000000008001036        0x6 Core/Src/stm32l1xx_it.o
                0x0000000008001036                BusFault_Handler
 .text.UsageFault_Handler
                0x000000000800103c        0x6 Core/Src/stm32l1xx_it.o
                0x000000000800103c                UsageFault_Handler
 .text.SVC_Handler
                0x0000000008001042        0xc Core/Src/stm32l1xx_it.o
                0x0000000008001042                SVC_Handler
 .text.DebugMon_Handler
                0x000000000800104e        0xc Core/Src/stm32l1xx_it.o
                0x000000000800104e                DebugMon_Handler
 .text.PendSV_Handler
                0x000000000800105a        0xc Core/Src/stm32l1xx_it.o
                0x000000000800105a                PendSV_Handler
 .text.SysTick_Handler
                0x0000000008001066        0xc Core/Src/stm32l1xx_it.o
                0x0000000008001066                SysTick_Handler
 *fill*         0x0000000008001072        0x2 
 .text.SystemInit
                0x0000000008001074       0x18 Core/Src/system_stm32l1xx.o
                0x0000000008001074                SystemInit
 .text.Reset_Handler
                0x000000000800108c       0x48 Core/Startup/startup_stm32l151retx.o
                0x000000000800108c                Reset_Handler
 .text.Default_Handler
                0x00000000080010d4        0x2 Core/Startup/startup_stm32l151retx.o
                0x00000000080010d4                RTC_Alarm_IRQHandler
                0x00000000080010d4                EXTI2_IRQHandler
                0x00000000080010d4                COMP_ACQ_IRQHandler
                0x00000000080010d4                TIM10_IRQHandler
                0x00000000080010d4                USB_HP_IRQHandler
                0x00000000080010d4                TIM6_IRQHandler
                0x00000000080010d4                PVD_IRQHandler
                0x00000000080010d4                EXTI3_IRQHandler
                0x00000000080010d4                EXTI0_IRQHandler
                0x00000000080010d4                I2C2_EV_IRQHandler
                0x00000000080010d4                SPI1_IRQHandler
                0x00000000080010d4                USB_FS_WKUP_IRQHandler
                0x00000000080010d4                DMA2_Channel2_IRQHandler
                0x00000000080010d4                DMA1_Channel4_IRQHandler
                0x00000000080010d4                ADC1_IRQHandler
                0x00000000080010d4                USART3_IRQHandler
                0x00000000080010d4                DMA1_Channel7_IRQHandler
                0x00000000080010d4                UART5_IRQHandler
                0x00000000080010d4                TIM4_IRQHandler
                0x00000000080010d4                DMA2_Channel1_IRQHandler
                0x00000000080010d4                I2C1_EV_IRQHandler
                0x00000000080010d4                DMA1_Channel6_IRQHandler
                0x00000000080010d4                UART4_IRQHandler
                0x00000000080010d4                DMA2_Channel4_IRQHandler
                0x00000000080010d4                TIM3_IRQHandler
                0x00000000080010d4                RCC_IRQHandler
                0x00000000080010d4                DMA1_Channel1_IRQHandler
                0x00000000080010d4                Default_Handler
                0x00000000080010d4                EXTI15_10_IRQHandler
                0x00000000080010d4                TIM7_IRQHandler
                0x00000000080010d4                TIM5_IRQHandler
                0x00000000080010d4                EXTI9_5_IRQHandler
                0x00000000080010d4                TIM9_IRQHandler
                0x00000000080010d4                TAMPER_STAMP_IRQHandler
                0x00000000080010d4                RTC_WKUP_IRQHandler
                0x00000000080010d4                SPI2_IRQHandler
                0x00000000080010d4                DMA2_Channel5_IRQHandler
                0x00000000080010d4                DMA1_Channel5_IRQHandler
                0x00000000080010d4                USB_LP_IRQHandler
                0x00000000080010d4                EXTI4_IRQHandler
                0x00000000080010d4                DMA1_Channel3_IRQHandler
                0x00000000080010d4                COMP_IRQHandler
                0x00000000080010d4                WWDG_IRQHandler
                0x00000000080010d4                TIM2_IRQHandler
                0x00000000080010d4                DAC_IRQHandler
                0x00000000080010d4                EXTI1_IRQHandler
                0x00000000080010d4                TIM11_IRQHandler
                0x00000000080010d4                USART2_IRQHandler
                0x00000000080010d4                I2C2_ER_IRQHandler
                0x00000000080010d4                DMA1_Channel2_IRQHandler
                0x00000000080010d4                FLASH_IRQHandler
                0x00000000080010d4                USART1_IRQHandler
                0x00000000080010d4                SPI3_IRQHandler
                0x00000000080010d4                I2C1_ER_IRQHandler
                0x00000000080010d4                DMA2_Channel3_IRQHandler
 .text.HAL_Init
                0x00000000080010d6       0x30 Drivers/STM32L1xx_HAL_Driver/Src/stm32l1xx_hal.o
                0x00000000080010d6                HAL_Init
 *fill*         0x0000000008001106        0x2 
 .text.HAL_InitTick
                0x0000000008001108       0x74 Drivers/STM32L1xx_HAL_Driver/Src/stm32l1xx_hal.o
                0x0000000008001108                HAL_InitTick
 .text.HAL_IncTick
                0x000000000800117c       0x24 Drivers/STM32L1xx_HAL_Driver/Src/stm32l1xx_hal.o
                0x000000000800117c                HAL_IncTick
 .text.HAL_GetTick
                0x00000000080011a0       0x14 Drivers/STM32L1xx_HAL_Driver/Src/stm32l1xx_hal.o
                0x00000000080011a0                HAL_GetTick
 .text.HAL_Delay
                0x00000000080011b4       0x44 Drivers/STM32L1xx_HAL_Driver/Src/stm32l1xx_hal.o
                0x00000000080011b4                HAL_Delay
 .text.__NVIC_SetPriorityGrouping
                0x00000000080011f8       0x48 Drivers/STM32L1xx_HAL_Driver/Src/stm32l1xx_hal_cortex.o
 .text.__NVIC_GetPriorityGrouping
                0x0000000008001240       0x1c Drivers/STM32L1xx_HAL_Driver/Src/stm32l1xx_hal_cortex.o
 .text.__NVIC_SetPriority
                0x000000000800125c       0x54 Drivers/STM32L1xx_HAL_Driver/Src/stm32l1xx_hal_cortex.o
 .text.NVIC_EncodePriority
                0x00000000080012b0       0x64 Drivers/STM32L1xx_HAL_Driver/Src/stm32l1xx_hal_cortex.o
 .text.SysTick_Config
                0x0000000008001314       0x44 Drivers/STM32L1xx_HAL_Driver/Src/stm32l1xx_hal_cortex.o
 .text.HAL_NVIC_SetPriorityGrouping
                0x0000000008001358       0x16 Drivers/STM32L1xx_HAL_Driver/Src/stm32l1xx_hal_cortex.o
                0x0000000008001358                HAL_NVIC_SetPriorityGrouping
 .text.HAL_NVIC_SetPriority
                0x000000000800136e       0x38 Drivers/STM32L1xx_HAL_Driver/Src/stm32l1xx_hal_cortex.o
                0x000000000800136e                HAL_NVIC_SetPriority
 .text.HAL_SYSTICK_Config
                0x00000000080013a6       0x18 Drivers/STM32L1xx_HAL_Driver/Src/stm32l1xx_hal_cortex.o
                0x00000000080013a6                HAL_SYSTICK_Config
 *fill*         0x00000000080013be        0x2 
 .text.HAL_GPIO_Init
                0x00000000080013c0      0x320 Drivers/STM32L1xx_HAL_Driver/Src/stm32l1xx_hal_gpio.o
                0x00000000080013c0                HAL_GPIO_Init
 .text.HAL_I2C_Init
                0x00000000080016e0      0x288 Drivers/STM32L1xx_HAL_Driver/Src/stm32l1xx_hal_i2c.o
                0x00000000080016e0                HAL_I2C_Init
 .text.HAL_I2C_Master_Transmit
                0x0000000008001968      0x1fc Drivers/STM32L1xx_HAL_Driver/Src/stm32l1xx_hal_i2c.o
                0x0000000008001968                HAL_I2C_Master_Transmit
 .text.HAL_I2C_Master_Receive
                0x0000000008001b64      0x44c Drivers/STM32L1xx_HAL_Driver/Src/stm32l1xx_hal_i2c.o
                0x0000000008001b64                HAL_I2C_Master_Receive
 .text.I2C_MasterRequestWrite
                0x0000000008001fb0      0x104 Drivers/STM32L1xx_HAL_Driver/Src/stm32l1xx_hal_i2c.o
 .text.I2C_MasterRequestRead
                0x00000000080020b4      0x19c Drivers/STM32L1xx_HAL_Driver/Src/stm32l1xx_hal_i2c.o
 .text.I2C_WaitOnFlagUntilTimeout
                0x0000000008002250       0xae Drivers/STM32L1xx_HAL_Driver/Src/stm32l1xx_hal_i2c.o
 .text.I2C_WaitOnMasterAddressFlagUntilTimeout
                0x00000000080022fe       0xfe Drivers/STM32L1xx_HAL_Driver/Src/stm32l1xx_hal_i2c.o
 .text.I2C_WaitOnTXEFlagUntilTimeout
                0x00000000080023fc       0x82 Drivers/STM32L1xx_HAL_Driver/Src/stm32l1xx_hal_i2c.o
 .text.I2C_WaitOnBTFFlagUntilTimeout
                0x000000000800247e       0x82 Drivers/STM32L1xx_HAL_Driver/Src/stm32l1xx_hal_i2c.o
 .text.I2C_WaitOnRXNEFlagUntilTimeout
                0x0000000008002500       0xac Drivers/STM32L1xx_HAL_Driver/Src/stm32l1xx_hal_i2c.o
 .text.I2C_IsAcknowledgeFailed
                0x00000000080025ac       0x5c Drivers/STM32L1xx_HAL_Driver/Src/stm32l1xx_hal_i2c.o
 .text.HAL_RCC_OscConfig
                0x0000000008002608      0x660 Drivers/STM32L1xx_HAL_Driver/Src/stm32l1xx_hal_rcc.o
                0x0000000008002608                HAL_RCC_OscConfig
 .text.HAL_RCC_ClockConfig
                0x0000000008002c68      0x268 Drivers/STM32L1xx_HAL_Driver/Src/stm32l1xx_hal_rcc.o
                0x0000000008002c68                HAL_RCC_ClockConfig
 .text.HAL_RCC_GetSysClockFreq
                0x0000000008002ed0      0x14c Drivers/STM32L1xx_HAL_Driver/Src/stm32l1xx_hal_rcc.o
                0x0000000008002ed0                HAL_RCC_GetSysClockFreq
 .text.HAL_RCC_GetHCLKFreq
                0x000000000800301c       0x14 Drivers/STM32L1xx_HAL_Driver/Src/stm32l1xx_hal_rcc.o
                0x000000000800301c                HAL_RCC_GetHCLKFreq
 .text.HAL_RCC_GetPCLK1Freq
                0x0000000008003030       0x28 Drivers/STM32L1xx_HAL_Driver/Src/stm32l1xx_hal_rcc.o
                0x0000000008003030                HAL_RCC_GetPCLK1Freq
 .text.HAL_RCC_GetPCLK2Freq
                0x0000000008003058       0x28 Drivers/STM32L1xx_HAL_Driver/Src/stm32l1xx_hal_rcc.o
                0x0000000008003058                HAL_RCC_GetPCLK2Freq
 .text.RCC_SetFlashLatencyFromMSIRange
                0x0000000008003080       0xc0 Drivers/STM32L1xx_HAL_Driver/Src/stm32l1xx_hal_rcc.o
 .text.HAL_UART_Init
                0x0000000008003140       0x9a Drivers/STM32L1xx_HAL_Driver/Src/stm32l1xx_hal_uart.o
                0x0000000008003140                HAL_UART_Init
 .text.HAL_UART_Transmit
                0x00000000080031da      0x132 Drivers/STM32L1xx_HAL_Driver/Src/stm32l1xx_hal_uart.o
                0x00000000080031da                HAL_UART_Transmit
 .text.UART_WaitOnFlagUntilTimeout
                0x000000000800330c       0x94 Drivers/STM32L1xx_HAL_Driver/Src/stm32l1xx_hal_uart.o
 .text.UART_SetConfig
                0x00000000080033a0      0x1c8 Drivers/STM32L1xx_HAL_Driver/Src/stm32l1xx_hal_uart.o
 .text.__libc_init_array
                0x0000000008003568       0x48 c:/st/stm32cubeide_1.5.0/stm32cubeide/plugins/com.st.stm32cube.ide.mcu.externaltools.gnu-tools-for-stm32.9-2020-q2-update.win32_1.5.0.202011040924/tools/bin/../lib/gcc/arm-none-eabi/9.3.1/../../../../arm-none-eabi/lib/thumb/v7-m/nofp\libc_nano.a(lib_a-init.o)
                0x0000000008003568                __libc_init_array
 .text.memset   0x00000000080035b0       0x10 c:/st/stm32cubeide_1.5.0/stm32cubeide/plugins/com.st.stm32cube.ide.mcu.externaltools.gnu-tools-for-stm32.9-2020-q2-update.win32_1.5.0.202011040924/tools/bin/../lib/gcc/arm-none-eabi/9.3.1/../../../../arm-none-eabi/lib/thumb/v7-m/nofp\libc_nano.a(lib_a-memset.o)
                0x00000000080035b0                memset
 *(.glue_7)
 .glue_7        0x00000000080035c0        0x0 linker stubs
 *(.glue_7t)
 .glue_7t       0x00000000080035c0        0x0 linker stubs
 *(.eh_frame)
 .eh_frame      0x00000000080035c0        0x0 c:/st/stm32cubeide_1.5.0/stm32cubeide/plugins/com.st.stm32cube.ide.mcu.externaltools.gnu-tools-for-stm32.9-2020-q2-update.win32_1.5.0.202011040924/tools/bin/../lib/gcc/arm-none-eabi/9.3.1/thumb/v7-m/nofp/crtbegin.o
 *(.init)
 .init          0x00000000080035c0        0x4 c:/st/stm32cubeide_1.5.0/stm32cubeide/plugins/com.st.stm32cube.ide.mcu.externaltools.gnu-tools-for-stm32.9-2020-q2-update.win32_1.5.0.202011040924/tools/bin/../lib/gcc/arm-none-eabi/9.3.1/thumb/v7-m/nofp/crti.o
                0x00000000080035c0                _init
 .init          0x00000000080035c4        0x8 c:/st/stm32cubeide_1.5.0/stm32cubeide/plugins/com.st.stm32cube.ide.mcu.externaltools.gnu-tools-for-stm32.9-2020-q2-update.win32_1.5.0.202011040924/tools/bin/../lib/gcc/arm-none-eabi/9.3.1/thumb/v7-m/nofp/crtn.o
 *(.fini)
 .fini          0x00000000080035cc        0x4 c:/st/stm32cubeide_1.5.0/stm32cubeide/plugins/com.st.stm32cube.ide.mcu.externaltools.gnu-tools-for-stm32.9-2020-q2-update.win32_1.5.0.202011040924/tools/bin/../lib/gcc/arm-none-eabi/9.3.1/thumb/v7-m/nofp/crti.o
                0x00000000080035cc                _fini
 .fini          0x00000000080035d0        0x8 c:/st/stm32cubeide_1.5.0/stm32cubeide/plugins/com.st.stm32cube.ide.mcu.externaltools.gnu-tools-for-stm32.9-2020-q2-update.win32_1.5.0.202011040924/tools/bin/../lib/gcc/arm-none-eabi/9.3.1/thumb/v7-m/nofp/crtn.o
                0x00000000080035d8                . = ALIGN (0x4)
                0x00000000080035d8                _etext = .

.vfp11_veneer   0x00000000080035d8        0x0
 .vfp11_veneer  0x00000000080035d8        0x0 linker stubs

.v4_bx          0x00000000080035d8        0x0
 .v4_bx         0x00000000080035d8        0x0 linker stubs

.iplt           0x00000000080035d8        0x0
 .iplt          0x00000000080035d8        0x0 c:/st/stm32cubeide_1.5.0/stm32cubeide/plugins/com.st.stm32cube.ide.mcu.externaltools.gnu-tools-for-stm32.9-2020-q2-update.win32_1.5.0.202011040924/tools/bin/../lib/gcc/arm-none-eabi/9.3.1/thumb/v7-m/nofp/crtbegin.o

.rodata         0x00000000080035d8       0xb4
                0x00000000080035d8                . = ALIGN (0x4)
 *(.rodata)
 .rodata        0x00000000080035d8       0x90 Core/Src/main.o
 *(.rodata*)
 .rodata.PLLMulTable
                0x0000000008003668        0x9 Core/Src/system_stm32l1xx.o
                0x0000000008003668                PLLMulTable
 *fill*         0x0000000008003671        0x3 
 .rodata.AHBPrescTable
                0x0000000008003674       0x10 Core/Src/system_stm32l1xx.o
                0x0000000008003674                AHBPrescTable
 .rodata.APBPrescTable
                0x0000000008003684        0x8 Core/Src/system_stm32l1xx.o
                0x0000000008003684                APBPrescTable
                0x000000000800368c                . = ALIGN (0x4)

.ARM.extab      0x000000000800368c        0x0
                0x000000000800368c                . = ALIGN (0x4)
 *(.ARM.extab* .gnu.linkonce.armextab.*)
                0x000000000800368c                . = ALIGN (0x4)

.ARM            0x000000000800368c        0x8
                0x000000000800368c                . = ALIGN (0x4)
                0x000000000800368c                __exidx_start = .
 *(.ARM.exidx*)
 .ARM.exidx     0x000000000800368c        0x8 c:/st/stm32cubeide_1.5.0/stm32cubeide/plugins/com.st.stm32cube.ide.mcu.externaltools.gnu-tools-for-stm32.9-2020-q2-update.win32_1.5.0.202011040924/tools/bin/../lib/gcc/arm-none-eabi/9.3.1/thumb/v7-m/nofp\libgcc.a(_udivmoddi4.o)
                0x0000000008003694                __exidx_end = .
                0x0000000008003694                . = ALIGN (0x4)

.rel.dyn        0x0000000008003694        0x0
 .rel.iplt      0x0000000008003694        0x0 c:/st/stm32cubeide_1.5.0/stm32cubeide/plugins/com.st.stm32cube.ide.mcu.externaltools.gnu-tools-for-stm32.9-2020-q2-update.win32_1.5.0.202011040924/tools/bin/../lib/gcc/arm-none-eabi/9.3.1/thumb/v7-m/nofp/crtbegin.o

.preinit_array  0x0000000008003694        0x0
                0x0000000008003694                . = ALIGN (0x4)
                0x0000000008003694                PROVIDE (__preinit_array_start = .)
 *(.preinit_array*)
                0x0000000008003694                PROVIDE (__preinit_array_end = .)
                0x0000000008003694                . = ALIGN (0x4)

.init_array     0x0000000008003694        0x4
                0x0000000008003694                . = ALIGN (0x4)
                0x0000000008003694                PROVIDE (__init_array_start = .)
 *(SORT_BY_NAME(.init_array.*))
 *(.init_array*)
 .init_array    0x0000000008003694        0x4 c:/st/stm32cubeide_1.5.0/stm32cubeide/plugins/com.st.stm32cube.ide.mcu.externaltools.gnu-tools-for-stm32.9-2020-q2-update.win32_1.5.0.202011040924/tools/bin/../lib/gcc/arm-none-eabi/9.3.1/thumb/v7-m/nofp/crtbegin.o
                0x0000000008003698                PROVIDE (__init_array_end = .)
                0x0000000008003698                . = ALIGN (0x4)

.fini_array     0x0000000008003698        0x4
                0x0000000008003698                . = ALIGN (0x4)
                [!provide]                        PROVIDE (__fini_array_start = .)
 *(SORT_BY_NAME(.fini_array.*))
 *(.fini_array*)
 .fini_array    0x0000000008003698        0x4 c:/st/stm32cubeide_1.5.0/stm32cubeide/plugins/com.st.stm32cube.ide.mcu.externaltools.gnu-tools-for-stm32.9-2020-q2-update.win32_1.5.0.202011040924/tools/bin/../lib/gcc/arm-none-eabi/9.3.1/thumb/v7-m/nofp/crtbegin.o
                [!provide]                        PROVIDE (__fini_array_end = .)
                0x000000000800369c                . = ALIGN (0x4)
                0x000000000800369c                _sidata = LOADADDR (.data)

.data           0x0000000020000000       0x10 load address 0x000000000800369c
                0x0000000020000000                . = ALIGN (0x4)
                0x0000000020000000                _sdata = .
 *(.data)
 *(.data*)
 .data.wait     0x0000000020000000        0x2 Core/Src/HAL_I2C_anklabs.o
                0x0000000020000000                wait
 *fill*         0x0000000020000002        0x2 
 .data.SystemCoreClock
                0x0000000020000004        0x4 Core/Src/system_stm32l1xx.o
                0x0000000020000004                SystemCoreClock
 .data.uwTickPrio
                0x0000000020000008        0x4 Drivers/STM32L1xx_HAL_Driver/Src/stm32l1xx_hal.o
                0x0000000020000008                uwTickPrio
 .data.uwTickFreq
                0x000000002000000c        0x4 Drivers/STM32L1xx_HAL_Driver/Src/stm32l1xx_hal.o
                0x000000002000000c                uwTickFreq
 *(.RamFunc)
 *(.RamFunc*)
                0x0000000020000010                . = ALIGN (0x4)
                0x0000000020000010                _edata = .

.igot.plt       0x0000000020000010        0x0 load address 0x00000000080036ac
 .igot.plt      0x0000000020000010        0x0 c:/st/stm32cubeide_1.5.0/stm32cubeide/plugins/com.st.stm32cube.ide.mcu.externaltools.gnu-tools-for-stm32.9-2020-q2-update.win32_1.5.0.202011040924/tools/bin/../lib/gcc/arm-none-eabi/9.3.1/thumb/v7-m/nofp/crtbegin.o
                0x0000000020000010                . = ALIGN (0x4)

.bss            0x0000000020000010       0xd0 load address 0x00000000080036ac
                0x0000000020000010                _sbss = .
                0x0000000020000010                __bss_start__ = _sbss
 *(.bss)
 .bss           0x0000000020000010       0x1c c:/st/stm32cubeide_1.5.0/stm32cubeide/plugins/com.st.stm32cube.ide.mcu.externaltools.gnu-tools-for-stm32.9-2020-q2-update.win32_1.5.0.202011040924/tools/bin/../lib/gcc/arm-none-eabi/9.3.1/thumb/v7-m/nofp/crtbegin.o
 *(.bss*)
 *(COMMON)
 COMMON         0x000000002000002c       0x5c Core/Src/HAL_I2C_anklabs.o
                0x000000002000002c                hi2c1
                0x0000000020000080                a1
 COMMON         0x0000000020000088       0x52 Core/Src/main.o
                0x0000000020000088                dig_4
                0x000000002000008a                dig_5
                0x000000002000008c                SET_val
                0x0000000020000092                dig_2
                0x0000000020000094                dig_1
                0x0000000020000098                huart1
                0x00000000200000d8                dig_3
 *fill*         0x00000000200000da        0x2 
 COMMON         0x00000000200000dc        0x4 Drivers/STM32L1xx_HAL_Driver/Src/stm32l1xx_hal.o
                0x00000000200000dc                uwTick
                0x00000000200000e0                . = ALIGN (0x4)
                0x00000000200000e0                _ebss = .
                0x00000000200000e0                __bss_end__ = _ebss

._user_heap_stack
                0x00000000200000e0      0x600 load address 0x00000000080036ac
                0x00000000200000e0                . = ALIGN (0x8)
                [!provide]                        PROVIDE (end = .)
                0x00000000200000e0                PROVIDE (_end = .)
                0x00000000200002e0                . = (. + _Min_Heap_Size)
 *fill*         0x00000000200000e0      0x200 
                0x00000000200006e0                . = (. + _Min_Stack_Size)
 *fill*         0x00000000200002e0      0x400 
                0x00000000200006e0                . = ALIGN (0x8)

/DISCARD/
 libc.a(*)
 libm.a(*)
 libgcc.a(*)

.ARM.attributes
                0x0000000000000000       0x29
 *(.ARM.attributes)
 .ARM.attributes
                0x0000000000000000       0x1d c:/st/stm32cubeide_1.5.0/stm32cubeide/plugins/com.st.stm32cube.ide.mcu.externaltools.gnu-tools-for-stm32.9-2020-q2-update.win32_1.5.0.202011040924/tools/bin/../lib/gcc/arm-none-eabi/9.3.1/thumb/v7-m/nofp/crti.o
 .ARM.attributes
                0x000000000000001d       0x2d c:/st/stm32cubeide_1.5.0/stm32cubeide/plugins/com.st.stm32cube.ide.mcu.externaltools.gnu-tools-for-stm32.9-2020-q2-update.win32_1.5.0.202011040924/tools/bin/../lib/gcc/arm-none-eabi/9.3.1/thumb/v7-m/nofp/crtbegin.o
 .ARM.attributes
                0x000000000000004a       0x2d Core/Src/HAL_I2C_anklabs.o
 .ARM.attributes
                0x0000000000000077       0x2d Core/Src/HTS221_anklabs.o
 .ARM.attributes
                0x00000000000000a4       0x2d Core/Src/main.o
 .ARM.attributes
                0x00000000000000d1       0x2d Core/Src/stm32l1xx_hal_msp.o
 .ARM.attributes
                0x00000000000000fe       0x2d Core/Src/stm32l1xx_it.o
 .ARM.attributes
                0x000000000000012b       0x2d Core/Src/system_stm32l1xx.o
 .ARM.attributes
                0x0000000000000158       0x21 Core/Startup/startup_stm32l151retx.o
 .ARM.attributes
                0x0000000000000179       0x2d Drivers/STM32L1xx_HAL_Driver/Src/stm32l1xx_hal.o
 .ARM.attributes
                0x00000000000001a6       0x2d Drivers/STM32L1xx_HAL_Driver/Src/stm32l1xx_hal_cortex.o
 .ARM.attributes
                0x00000000000001d3       0x2d Drivers/STM32L1xx_HAL_Driver/Src/stm32l1xx_hal_gpio.o
 .ARM.attributes
                0x0000000000000200       0x2d Drivers/STM32L1xx_HAL_Driver/Src/stm32l1xx_hal_i2c.o
 .ARM.attributes
                0x000000000000022d       0x2d Drivers/STM32L1xx_HAL_Driver/Src/stm32l1xx_hal_rcc.o
 .ARM.attributes
                0x000000000000025a       0x2d Drivers/STM32L1xx_HAL_Driver/Src/stm32l1xx_hal_uart.o
 .ARM.attributes
                0x0000000000000287       0x2d c:/st/stm32cubeide_1.5.0/stm32cubeide/plugins/com.st.stm32cube.ide.mcu.externaltools.gnu-tools-for-stm32.9-2020-q2-update.win32_1.5.0.202011040924/tools/bin/../lib/gcc/arm-none-eabi/9.3.1/../../../../arm-none-eabi/lib/thumb/v7-m/nofp\libc_nano.a(lib_a-init.o)
 .ARM.attributes
                0x00000000000002b4       0x2d c:/st/stm32cubeide_1.5.0/stm32cubeide/plugins/com.st.stm32cube.ide.mcu.externaltools.gnu-tools-for-stm32.9-2020-q2-update.win32_1.5.0.202011040924/tools/bin/../lib/gcc/arm-none-eabi/9.3.1/../../../../arm-none-eabi/lib/thumb/v7-m/nofp\libc_nano.a(lib_a-memset.o)
 .ARM.attributes
                0x00000000000002e1       0x1d c:/st/stm32cubeide_1.5.0/stm32cubeide/plugins/com.st.stm32cube.ide.mcu.externaltools.gnu-tools-for-stm32.9-2020-q2-update.win32_1.5.0.202011040924/tools/bin/../lib/gcc/arm-none-eabi/9.3.1/thumb/v7-m/nofp\libgcc.a(_aeabi_uldivmod.o)
 .ARM.attributes
                0x00000000000002fe       0x2d c:/st/stm32cubeide_1.5.0/stm32cubeide/plugins/com.st.stm32cube.ide.mcu.externaltools.gnu-tools-for-stm32.9-2020-q2-update.win32_1.5.0.202011040924/tools/bin/../lib/gcc/arm-none-eabi/9.3.1/thumb/v7-m/nofp\libgcc.a(_udivmoddi4.o)
 .ARM.attributes
                0x000000000000032b       0x1d c:/st/stm32cubeide_1.5.0/stm32cubeide/plugins/com.st.stm32cube.ide.mcu.externaltools.gnu-tools-for-stm32.9-2020-q2-update.win32_1.5.0.202011040924/tools/bin/../lib/gcc/arm-none-eabi/9.3.1/thumb/v7-m/nofp\libgcc.a(_dvmd_tls.o)
 .ARM.attributes
                0x0000000000000348       0x1d c:/st/stm32cubeide_1.5.0/stm32cubeide/plugins/com.st.stm32cube.ide.mcu.externaltools.gnu-tools-for-stm32.9-2020-q2-update.win32_1.5.0.202011040924/tools/bin/../lib/gcc/arm-none-eabi/9.3.1/thumb/v7-m/nofp/crtn.o
OUTPUT(hts221_lib_generate_test.elf elf32-littlearm)
LOAD linker stubs
LOAD c:/st/stm32cubeide_1.5.0/stm32cubeide/plugins/com.st.stm32cube.ide.mcu.externaltools.gnu-tools-for-stm32.9-2020-q2-update.win32_1.5.0.202011040924/tools/bin/../lib/gcc/arm-none-eabi/9.3.1/../../../../arm-none-eabi/lib/thumb/v7-m/nofp\libc.a
LOAD c:/st/stm32cubeide_1.5.0/stm32cubeide/plugins/com.st.stm32cube.ide.mcu.externaltools.gnu-tools-for-stm32.9-2020-q2-update.win32_1.5.0.202011040924/tools/bin/../lib/gcc/arm-none-eabi/9.3.1/../../../../arm-none-eabi/lib/thumb/v7-m/nofp\libm.a
LOAD c:/st/stm32cubeide_1.5.0/stm32cubeide/plugins/com.st.stm32cube.ide.mcu.externaltools.gnu-tools-for-stm32.9-2020-q2-update.win32_1.5.0.202011040924/tools/bin/../lib/gcc/arm-none-eabi/9.3.1/thumb/v7-m/nofp\libgcc.a

.debug_info     0x0000000000000000     0xa67d
 .debug_info    0x0000000000000000     0x10b5 Core/Src/HAL_I2C_anklabs.o
 .debug_info    0x00000000000010b5      0xda4 Core/Src/HTS221_anklabs.o
 .debug_info    0x0000000000001e59     0x15e6 Core/Src/main.o
 .debug_info    0x000000000000343f      0xbfc Core/Src/stm32l1xx_hal_msp.o
 .debug_info    0x000000000000403b      0x213 Core/Src/stm32l1xx_it.o
 .debug_info    0x000000000000424e      0x4b3 Core/Src/system_stm32l1xx.o
 .debug_info    0x0000000000004701       0x22 Core/Startup/startup_stm32l151retx.o
 .debug_info    0x0000000000004723      0x777 Drivers/STM32L1xx_HAL_Driver/Src/stm32l1xx_hal.o
 .debug_info    0x0000000000004e9a      0xe2c Drivers/STM32L1xx_HAL_Driver/Src/stm32l1xx_hal_cortex.o
 .debug_info    0x0000000000005cc6      0x712 Drivers/STM32L1xx_HAL_Driver/Src/stm32l1xx_hal_gpio.o
 .debug_info    0x00000000000063d8     0x25db Drivers/STM32L1xx_HAL_Driver/Src/stm32l1xx_hal_i2c.o
 .debug_info    0x00000000000089b3      0x9e3 Drivers/STM32L1xx_HAL_Driver/Src/stm32l1xx_hal_rcc.o
 .debug_info    0x0000000000009396     0x12e7 Drivers/STM32L1xx_HAL_Driver/Src/stm32l1xx_hal_uart.o

.debug_abbrev   0x0000000000000000     0x19c4
 .debug_abbrev  0x0000000000000000      0x258 Core/Src/HAL_I2C_anklabs.o
 .debug_abbrev  0x0000000000000258      0x23a Core/Src/HTS221_anklabs.o
 .debug_abbrev  0x0000000000000492      0x2c3 Core/Src/main.o
 .debug_abbrev  0x0000000000000755      0x1ac Core/Src/stm32l1xx_hal_msp.o
 .debug_abbrev  0x0000000000000901       0xb6 Core/Src/stm32l1xx_it.o
 .debug_abbrev  0x00000000000009b7      0x129 Core/Src/system_stm32l1xx.o
 .debug_abbrev  0x0000000000000ae0       0x12 Core/Startup/startup_stm32l151retx.o
 .debug_abbrev  0x0000000000000af2      0x24b Drivers/STM32L1xx_HAL_Driver/Src/stm32l1xx_hal.o
 .debug_abbrev  0x0000000000000d3d      0x33c Drivers/STM32L1xx_HAL_Driver/Src/stm32l1xx_hal_cortex.o
 .debug_abbrev  0x0000000000001079      0x1f1 Drivers/STM32L1xx_HAL_Driver/Src/stm32l1xx_hal_gpio.o
 .debug_abbrev  0x000000000000126a      0x282 Drivers/STM32L1xx_HAL_Driver/Src/stm32l1xx_hal_i2c.o
 .debug_abbrev  0x00000000000014ec      0x268 Drivers/STM32L1xx_HAL_Driver/Src/stm32l1xx_hal_rcc.o
 .debug_abbrev  0x0000000000001754      0x270 Drivers/STM32L1xx_HAL_Driver/Src/stm32l1xx_hal_uart.o

.debug_aranges  0x0000000000000000      0x928
 .debug_aranges
                0x0000000000000000       0x30 Core/Src/HAL_I2C_anklabs.o
 .debug_aranges
                0x0000000000000030       0x68 Core/Src/HTS221_anklabs.o
 .debug_aranges
                0x0000000000000098       0x50 Core/Src/main.o
 .debug_aranges
                0x00000000000000e8       0x40 Core/Src/stm32l1xx_hal_msp.o
 .debug_aranges
                0x0000000000000128       0x60 Core/Src/stm32l1xx_it.o
 .debug_aranges
                0x0000000000000188       0x28 Core/Src/system_stm32l1xx.o
 .debug_aranges
                0x00000000000001b0       0x28 Core/Startup/startup_stm32l151retx.o
 .debug_aranges
                0x00000000000001d8       0xe0 Drivers/STM32L1xx_HAL_Driver/Src/stm32l1xx_hal.o
 .debug_aranges
                0x00000000000002b8      0x118 Drivers/STM32L1xx_HAL_Driver/Src/stm32l1xx_hal_cortex.o
 .debug_aranges
                0x00000000000003d0       0x58 Drivers/STM32L1xx_HAL_Driver/Src/stm32l1xx_hal_gpio.o
 .debug_aranges
                0x0000000000000428      0x2a0 Drivers/STM32L1xx_HAL_Driver/Src/stm32l1xx_hal_i2c.o
 .debug_aranges
                0x00000000000006c8       0x90 Drivers/STM32L1xx_HAL_Driver/Src/stm32l1xx_hal_rcc.o
 .debug_aranges
                0x0000000000000758      0x1d0 Drivers/STM32L1xx_HAL_Driver/Src/stm32l1xx_hal_uart.o

.debug_ranges   0x0000000000000000      0x888
 .debug_ranges  0x0000000000000000       0x20 Core/Src/HAL_I2C_anklabs.o
 .debug_ranges  0x0000000000000020       0x58 Core/Src/HTS221_anklabs.o
 .debug_ranges  0x0000000000000078       0x40 Core/Src/main.o
 .debug_ranges  0x00000000000000b8       0x30 Core/Src/stm32l1xx_hal_msp.o
 .debug_ranges  0x00000000000000e8       0x50 Core/Src/stm32l1xx_it.o
 .debug_ranges  0x0000000000000138       0x18 Core/Src/system_stm32l1xx.o
 .debug_ranges  0x0000000000000150       0x20 Core/Startup/startup_stm32l151retx.o
 .debug_ranges  0x0000000000000170       0xd0 Drivers/STM32L1xx_HAL_Driver/Src/stm32l1xx_hal.o
 .debug_ranges  0x0000000000000240      0x108 Drivers/STM32L1xx_HAL_Driver/Src/stm32l1xx_hal_cortex.o
 .debug_ranges  0x0000000000000348       0x48 Drivers/STM32L1xx_HAL_Driver/Src/stm32l1xx_hal_gpio.o
 .debug_ranges  0x0000000000000390      0x2b8 Drivers/STM32L1xx_HAL_Driver/Src/stm32l1xx_hal_i2c.o
 .debug_ranges  0x0000000000000648       0x80 Drivers/STM32L1xx_HAL_Driver/Src/stm32l1xx_hal_rcc.o
 .debug_ranges  0x00000000000006c8      0x1c0 Drivers/STM32L1xx_HAL_Driver/Src/stm32l1xx_hal_uart.o

.debug_macro    0x0000000000000000    0x1605e
 .debug_macro   0x0000000000000000      0x308 Core/Src/HAL_I2C_anklabs.o
 .debug_macro   0x0000000000000308      0xa9c Core/Src/HAL_I2C_anklabs.o
 .debug_macro   0x0000000000000da4       0x22 Core/Src/HAL_I2C_anklabs.o
 .debug_macro   0x0000000000000dc6       0x4c Core/Src/HAL_I2C_anklabs.o
 .debug_macro   0x0000000000000e12       0x18 Core/Src/HAL_I2C_anklabs.o
 .debug_macro   0x0000000000000e2a       0x94 Core/Src/HAL_I2C_anklabs.o
 .debug_macro   0x0000000000000ebe       0x3c Core/Src/HAL_I2C_anklabs.o
 .debug_macro   0x0000000000000efa       0x34 Core/Src/HAL_I2C_anklabs.o
 .debug_macro   0x0000000000000f2e       0x16 Core/Src/HAL_I2C_anklabs.o
 .debug_macro   0x0000000000000f44       0x57 Core/Src/HAL_I2C_anklabs.o
 .debug_macro   0x0000000000000f9b       0x97 Core/Src/HAL_I2C_anklabs.o
 .debug_macro   0x0000000000001032      0x339 Core/Src/HAL_I2C_anklabs.o
 .debug_macro   0x000000000000136b       0xfd Core/Src/HAL_I2C_anklabs.o
 .debug_macro   0x0000000000001468       0x10 Core/Src/HAL_I2C_anklabs.o
 .debug_macro   0x0000000000001478       0x16 Core/Src/HAL_I2C_anklabs.o
 .debug_macro   0x000000000000148e       0x43 Core/Src/HAL_I2C_anklabs.o
 .debug_macro   0x00000000000014d1       0x34 Core/Src/HAL_I2C_anklabs.o
 .debug_macro   0x0000000000001505       0x10 Core/Src/HAL_I2C_anklabs.o
 .debug_macro   0x0000000000001515       0x58 Core/Src/HAL_I2C_anklabs.o
 .debug_macro   0x000000000000156d       0x71 Core/Src/HAL_I2C_anklabs.o
 .debug_macro   0x00000000000015de       0x1c Core/Src/HAL_I2C_anklabs.o
 .debug_macro   0x00000000000015fa      0x12a Core/Src/HAL_I2C_anklabs.o
 .debug_macro   0x0000000000001724       0x10 Core/Src/HAL_I2C_anklabs.o
 .debug_macro   0x0000000000001734       0x6a Core/Src/HAL_I2C_anklabs.o
 .debug_macro   0x000000000000179e       0x1c Core/Src/HAL_I2C_anklabs.o
 .debug_macro   0x00000000000017ba       0x52 Core/Src/HAL_I2C_anklabs.o
 .debug_macro   0x000000000000180c       0x22 Core/Src/HAL_I2C_anklabs.o
 .debug_macro   0x000000000000182e       0x10 Core/Src/HAL_I2C_anklabs.o
 .debug_macro   0x000000000000183e       0x40 Core/Src/HAL_I2C_anklabs.o
 .debug_macro   0x000000000000187e       0xd5 Core/Src/HAL_I2C_anklabs.o
 .debug_macro   0x0000000000001953       0x1c Core/Src/HAL_I2C_anklabs.o
 .debug_macro   0x000000000000196f       0x3d Core/Src/HAL_I2C_anklabs.o
 .debug_macro   0x00000000000019ac       0x16 Core/Src/HAL_I2C_anklabs.o
 .debug_macro   0x00000000000019c2      0x145 Core/Src/HAL_I2C_anklabs.o
 .debug_macro   0x0000000000001b07      0x112 Core/Src/HAL_I2C_anklabs.o
 .debug_macro   0x0000000000001c19       0x2e Core/Src/HAL_I2C_anklabs.o
 .debug_macro   0x0000000000001c47       0x22 Core/Src/HAL_I2C_anklabs.o
 .debug_macro   0x0000000000001c69      0x103 Core/Src/HAL_I2C_anklabs.o
 .debug_macro   0x0000000000001d6c      0x1df Core/Src/HAL_I2C_anklabs.o
 .debug_macro   0x0000000000001f4b       0x1c Core/Src/HAL_I2C_anklabs.o
 .debug_macro   0x0000000000001f67       0x22 Core/Src/HAL_I2C_anklabs.o
 .debug_macro   0x0000000000001f89       0xbd Core/Src/HAL_I2C_anklabs.o
 .debug_macro   0x0000000000002046      0xe49 Core/Src/HAL_I2C_anklabs.o
 .debug_macro   0x0000000000002e8f      0x11f Core/Src/HAL_I2C_anklabs.o
 .debug_macro   0x0000000000002fae     0xb222 Core/Src/HAL_I2C_anklabs.o
 .debug_macro   0x000000000000e1d0       0x43 Core/Src/HAL_I2C_anklabs.o
 .debug_macro   0x000000000000e213     0x34a0 Core/Src/HAL_I2C_anklabs.o
 .debug_macro   0x00000000000116b3       0x55 Core/Src/HAL_I2C_anklabs.o
 .debug_macro   0x0000000000011708      0xe38 Core/Src/HAL_I2C_anklabs.o
 .debug_macro   0x0000000000012540      0x2fa Core/Src/HAL_I2C_anklabs.o
 .debug_macro   0x000000000001283a      0x13b Core/Src/HAL_I2C_anklabs.o
 .debug_macro   0x0000000000012975       0xbf Core/Src/HAL_I2C_anklabs.o
 .debug_macro   0x0000000000012a34      0x21e Core/Src/HAL_I2C_anklabs.o
 .debug_macro   0x0000000000012c52      0x236 Core/Src/HAL_I2C_anklabs.o
 .debug_macro   0x0000000000012e88      0x10e Core/Src/HAL_I2C_anklabs.o
 .debug_macro   0x0000000000012f96      0x567 Core/Src/HAL_I2C_anklabs.o
 .debug_macro   0x00000000000134fd      0x287 Core/Src/HAL_I2C_anklabs.o
 .debug_macro   0x0000000000013784      0x1e9 Core/Src/HAL_I2C_anklabs.o
 .debug_macro   0x000000000001396d       0x22 Core/Src/HAL_I2C_anklabs.o
 .debug_macro   0x000000000001398f      0x287 Core/Src/HAL_I2C_anklabs.o
 .debug_macro   0x0000000000013c16      0x170 Core/Src/HAL_I2C_anklabs.o
 .debug_macro   0x0000000000013d86      0x492 Core/Src/HAL_I2C_anklabs.o
 .debug_macro   0x0000000000014218      0x311 Core/Src/HTS221_anklabs.o
 .debug_macro   0x0000000000014529      0x142 Core/Src/HTS221_anklabs.o
 .debug_macro   0x000000000001466b      0x321 Core/Src/main.o
 .debug_macro   0x000000000001498c       0x8e Core/Src/main.o
 .debug_macro   0x0000000000014a1a       0x51 Core/Src/main.o
 .debug_macro   0x0000000000014a6b       0xc3 Core/Src/main.o
 .debug_macro   0x0000000000014b2e      0x174 Core/Src/main.o
 .debug_macro   0x0000000000014ca2       0x5b Core/Src/main.o
 .debug_macro   0x0000000000014cfd       0x52 Core/Src/main.o
 .debug_macro   0x0000000000014d4f       0x35 Core/Src/main.o
 .debug_macro   0x0000000000014d84      0x333 Core/Src/main.o
 .debug_macro   0x00000000000150b7      0x1af Core/Src/stm32l1xx_hal_msp.o
 .debug_macro   0x0000000000015266      0x1b9 Core/Src/stm32l1xx_it.o
 .debug_macro   0x000000000001541f      0x1ab Core/Src/system_stm32l1xx.o
 .debug_macro   0x00000000000155ca      0x1c9 Drivers/STM32L1xx_HAL_Driver/Src/stm32l1xx_hal.o
 .debug_macro   0x0000000000015793      0x1a5 Drivers/STM32L1xx_HAL_Driver/Src/stm32l1xx_hal_cortex.o
 .debug_macro   0x0000000000015938      0x1dd Drivers/STM32L1xx_HAL_Driver/Src/stm32l1xx_hal_gpio.o
 .debug_macro   0x0000000000015b15      0x1ec Drivers/STM32L1xx_HAL_Driver/Src/stm32l1xx_hal_i2c.o
 .debug_macro   0x0000000000015d01      0x1b7 Drivers/STM32L1xx_HAL_Driver/Src/stm32l1xx_hal_rcc.o
 .debug_macro   0x0000000000015eb8      0x1a6 Drivers/STM32L1xx_HAL_Driver/Src/stm32l1xx_hal_uart.o

.debug_line     0x0000000000000000     0xb197
 .debug_line    0x0000000000000000      0x8ee Core/Src/HAL_I2C_anklabs.o
 .debug_line    0x00000000000008ee      0xb74 Core/Src/HTS221_anklabs.o
 .debug_line    0x0000000000001462      0xa2b Core/Src/main.o
 .debug_line    0x0000000000001e8d      0x72f Core/Src/stm32l1xx_hal_msp.o
 .debug_line    0x00000000000025bc      0x755 Core/Src/stm32l1xx_it.o
 .debug_line    0x0000000000002d11      0x737 Core/Src/system_stm32l1xx.o
 .debug_line    0x0000000000003448       0x84 Core/Startup/startup_stm32l151retx.o
 .debug_line    0x00000000000034cc      0x956 Drivers/STM32L1xx_HAL_Driver/Src/stm32l1xx_hal.o
 .debug_line    0x0000000000003e22      0xc23 Drivers/STM32L1xx_HAL_Driver/Src/stm32l1xx_hal_cortex.o
 .debug_line    0x0000000000004a45      0x9de Drivers/STM32L1xx_HAL_Driver/Src/stm32l1xx_hal_gpio.o
 .debug_line    0x0000000000005423     0x37d9 Drivers/STM32L1xx_HAL_Driver/Src/stm32l1xx_hal_i2c.o
 .debug_line    0x0000000000008bfc      0xe5d Drivers/STM32L1xx_HAL_Driver/Src/stm32l1xx_hal_rcc.o
 .debug_line    0x0000000000009a59     0x173e Drivers/STM32L1xx_HAL_Driver/Src/stm32l1xx_hal_uart.o

.debug_str      0x0000000000000000    0x85575
 .debug_str     0x0000000000000000    0x8289c Core/Src/HAL_I2C_anklabs.o
                                      0x82c30 (size before relaxing)
 .debug_str     0x000000000008289c      0x747 Core/Src/HTS221_anklabs.o
                                      0x82e9c (size before relaxing)
 .debug_str     0x0000000000082fe3      0x44f Core/Src/main.o
                                      0x835f8 (size before relaxing)
 .debug_str     0x0000000000083432       0xdf Core/Src/stm32l1xx_hal_msp.o
                                      0x7edad (size before relaxing)
 .debug_str     0x0000000000083511       0xbd Core/Src/stm32l1xx_it.o
                                      0x7e70d (size before relaxing)
 .debug_str     0x00000000000835ce       0xd5 Core/Src/system_stm32l1xx.o
                                      0x7e780 (size before relaxing)
 .debug_str     0x00000000000836a3       0x36 Core/Startup/startup_stm32l151retx.o
                                         0x7f (size before relaxing)
 .debug_str     0x00000000000836d9      0x644 Drivers/STM32L1xx_HAL_Driver/Src/stm32l1xx_hal.o
                                      0x7edf6 (size before relaxing)
 .debug_str     0x0000000000083d1d      0x3c1 Drivers/STM32L1xx_HAL_Driver/Src/stm32l1xx_hal_cortex.o
                                      0x7ef28 (size before relaxing)
 .debug_str     0x00000000000840de      0x22b Drivers/STM32L1xx_HAL_Driver/Src/stm32l1xx_hal_gpio.o
                                      0x7e9a4 (size before relaxing)
 .debug_str     0x0000000000084309      0xac3 Drivers/STM32L1xx_HAL_Driver/Src/stm32l1xx_hal_i2c.o
                                      0x7f6fe (size before relaxing)
 .debug_str     0x0000000000084dcc      0x29c Drivers/STM32L1xx_HAL_Driver/Src/stm32l1xx_hal_rcc.o
                                      0x7eb96 (size before relaxing)
 .debug_str     0x0000000000085068      0x50d Drivers/STM32L1xx_HAL_Driver/Src/stm32l1xx_hal_uart.o
                                      0x7efc9 (size before relaxing)

.comment        0x0000000000000000       0x53
 .comment       0x0000000000000000       0x53 Core/Src/HAL_I2C_anklabs.o
                                         0x54 (size before relaxing)
 .comment       0x0000000000000053       0x54 Core/Src/HTS221_anklabs.o
 .comment       0x0000000000000053       0x54 Core/Src/main.o
 .comment       0x0000000000000053       0x54 Core/Src/stm32l1xx_hal_msp.o
 .comment       0x0000000000000053       0x54 Core/Src/stm32l1xx_it.o
 .comment       0x0000000000000053       0x54 Core/Src/system_stm32l1xx.o
 .comment       0x0000000000000053       0x54 Drivers/STM32L1xx_HAL_Driver/Src/stm32l1xx_hal.o
 .comment       0x0000000000000053       0x54 Drivers/STM32L1xx_HAL_Driver/Src/stm32l1xx_hal_cortex.o
 .comment       0x0000000000000053       0x54 Drivers/STM32L1xx_HAL_Driver/Src/stm32l1xx_hal_gpio.o
 .comment       0x0000000000000053       0x54 Drivers/STM32L1xx_HAL_Driver/Src/stm32l1xx_hal_i2c.o
 .comment       0x0000000000000053       0x54 Drivers/STM32L1xx_HAL_Driver/Src/stm32l1xx_hal_rcc.o
 .comment       0x0000000000000053       0x54 Drivers/STM32L1xx_HAL_Driver/Src/stm32l1xx_hal_uart.o

.debug_frame    0x0000000000000000     0x257c
 .debug_frame   0x0000000000000000       0x84 Core/Src/HAL_I2C_anklabs.o
 .debug_frame   0x0000000000000084      0x170 Core/Src/HTS221_anklabs.o
 .debug_frame   0x00000000000001f4       0xf4 Core/Src/main.o
 .debug_frame   0x00000000000002e8       0xc8 Core/Src/stm32l1xx_hal_msp.o
 .debug_frame   0x00000000000003b0      0x104 Core/Src/stm32l1xx_it.o
 .debug_frame   0x00000000000004b4       0x58 Core/Src/system_stm32l1xx.o
 .debug_frame   0x000000000000050c      0x33c Drivers/STM32L1xx_HAL_Driver/Src/stm32l1xx_hal.o
 .debug_frame   0x0000000000000848      0x498 Drivers/STM32L1xx_HAL_Driver/Src/stm32l1xx_hal_cortex.o
 .debug_frame   0x0000000000000ce0      0x14c Drivers/STM32L1xx_HAL_Driver/Src/stm32l1xx_hal_gpio.o
 .debug_frame   0x0000000000000e2c      0xc54 Drivers/STM32L1xx_HAL_Driver/Src/stm32l1xx_hal_i2c.o
 .debug_frame   0x0000000000001a80      0x21c Drivers/STM32L1xx_HAL_Driver/Src/stm32l1xx_hal_rcc.o
 .debug_frame   0x0000000000001c9c      0x834 Drivers/STM32L1xx_HAL_Driver/Src/stm32l1xx_hal_uart.o
 .debug_frame   0x00000000000024d0       0x2c c:/st/stm32cubeide_1.5.0/stm32cubeide/plugins/com.st.stm32cube.ide.mcu.externaltools.gnu-tools-for-stm32.9-2020-q2-update.win32_1.5.0.202011040924/tools/bin/../lib/gcc/arm-none-eabi/9.3.1/../../../../arm-none-eabi/lib/thumb/v7-m/nofp\libc_nano.a(lib_a-init.o)
 .debug_frame   0x00000000000024fc       0x20 c:/st/stm32cubeide_1.5.0/stm32cubeide/plugins/com.st.stm32cube.ide.mcu.externaltools.gnu-tools-for-stm32.9-2020-q2-update.win32_1.5.0.202011040924/tools/bin/../lib/gcc/arm-none-eabi/9.3.1/../../../../arm-none-eabi/lib/thumb/v7-m/nofp\libc_nano.a(lib_a-memset.o)
 .debug_frame   0x000000000000251c       0x2c c:/st/stm32cubeide_1.5.0/stm32cubeide/plugins/com.st.stm32cube.ide.mcu.externaltools.gnu-tools-for-stm32.9-2020-q2-update.win32_1.5.0.202011040924/tools/bin/../lib/gcc/arm-none-eabi/9.3.1/thumb/v7-m/nofp\libgcc.a(_aeabi_uldivmod.o)
 .debug_frame   0x0000000000002548       0x34 c:/st/stm32cubeide_1.5.0/stm32cubeide/plugins/com.st.stm32cube.ide.mcu.externaltools.gnu-tools-for-stm32.9-2020-q2-update.win32_1.5.0.202011040924/tools/bin/../lib/gcc/arm-none-eabi/9.3.1/thumb/v7-m/nofp\libgcc.a(_udivmoddi4.o)
